{
	"/ieee8021-mstp/ieee8021MstpCistTable/ieee8021MstpCistEntry/ieee8021MstpCistComponentId": {
		"expected_value": "1"
	},
	"/ieee8021-mstp/ieee8021MstpCistTable/ieee8021MstpCistEntry/ieee8021MstpCistMaxHops": {
		"expected_value": "20"
	},
	"/ieee8021-mstp/ieee8021MstpCistTable/ieee8021MstpCistEntry/ieee8021MstpCistTopologyChange": {
		"expected_value": "false"
	},
	"/ieee8021-mstp/ieee8021MstpCistTable/ieee8021MstpCistEntry/ieee8021MstpCistPathCost": {
		"expected_value": "80002"
	},
	"unique_keys": {
		"1": {
			"key": {
				"1": "/ieee8021-mstp/ieee8021MstpTable/ieee8021MstpEntry/ieee8021MstpComponentId"
			},
			"key_values": {
				"1": {
					"value": [
						"1"
					],
					"objects": {
						"/ieee8021-mstp/ieee8021MstpTable/ieee8021MstpEntry/ieee8021MstpId": {
							"expected_value": "4094"
						},
						"/ieee8021-mstp/ieee8021MstpTable/ieee8021MstpEntry/ieee8021MstpBridgePriority": {
							"expected_value": "8"
						},
						"/ieee8021-mstp/ieee8021MstpTable/ieee8021MstpEntry/ieee8021MstpTopologyChanges": {
							"expected_value": "0"
						},
						"/ieee8021-mstp/ieee8021MstpTable/ieee8021MstpEntry/ieee8021MstpRootPathCost": {
							"expected_value": "0"
						},
						"/ieee8021-mstp/ieee8021MstpTable/ieee8021MstpEntry/ieee8021MstpRootPort": {
							"expected_value": "none"
						}
					}
				}
			}
		},
		"2": {
			"key": {
				"1": "/ieee8021-mstp/ieee8021MstpCistPortTable/ieee8021MstpCistPortEntry/ieee8021MstpCistPortComponentId",
				"2": "/ieee8021-mstp/ieee8021MstpCistPortTable/ieee8021MstpCistPortEntry/ieee8021MstpCistPortNum"
			},
			"key_values": {
				"1": {
					"value": [
						"1",
						"1"
					],
					"objects": {
						"/ieee8021-mstp/ieee8021MstpCistPortTable/ieee8021MstpCistPortEntry/ieee8021MstpCistPortAdminPathCost": {
							"expected_value": "0"
						},
						"/ieee8021-mstp/ieee8021MstpCistPortTable/ieee8021MstpCistPortEntry/ieee8021MstpCistPortTopologyChangeAck": {
							"expected_value": "false"
						},
						"/ieee8021-mstp/ieee8021MstpCistPortTable/ieee8021MstpCistPortEntry/ieee8021MstpCistPortHelloTime": {
							"expected_value": "200"
						},
						"/ieee8021-mstp/ieee8021MstpCistPortTable/ieee8021MstpCistPortEntry/ieee8021MstpCistPortAdminEdgePort": {
							"expected_value": "false"
						},
						"/ieee8021-mstp/ieee8021MstpCistPortTable/ieee8021MstpCistPortEntry/ieee8021MstpCistPortOperEdgePort": {
							"expected_value": "false"
						},
						"/ieee8021-mstp/ieee8021MstpCistPortTable/ieee8021MstpCistPortEntry/ieee8021MstpCistPortMacEnabled": {
							"expected_value": "true"
						},
						"/ieee8021-mstp/ieee8021MstpCistPortTable/ieee8021MstpCistPortEntry/ieee8021MstpCistPortRestrictedRole": {
							"expected_value": "false"
						},
						"/ieee8021-mstp/ieee8021MstpCistPortTable/ieee8021MstpCistPortEntry/ieee8021MstpCistPortRestrictedTcn": {
							"expected_value": "false"
						},
						"/ieee8021-mstp/ieee8021MstpCistPortTable/ieee8021MstpCistPortEntry/ieee8021MstpCistPortRole": {
							"expected_value": "0"
						},
						"/ieee8021-mstp/ieee8021MstpCistPortTable/ieee8021MstpCistPortEntry/ieee8021MstpCistPortDisputed": {
							"expected_value": "false"
						},
						"/ieee8021-mstp/ieee8021MstpCistPortTable/ieee8021MstpCistPortEntry/ieee8021MstpCistPortCistPathCost": {
							"expected_value": "0"
						}
					}
				}
			}
		},
		"3": {
			"key": {
				"1": "/ieee8021-mstp/ieee8021MstpCistPortTable/ieee8021MstpCistPortEntry/ieee8021MstpCistPortComponentId",
				"2": "/ieee8021-mstp/ieee8021MstpCistPortTable/ieee8021MstpCistPortEntry/ieee8021MstpCistPortNum"
			},
			"key_values": {
				"1": {
					"value": [
						"1",
						"2"
					],
					"objects": {
						"/ieee8021-mstp/ieee8021MstpCistPortTable/ieee8021MstpCistPortEntry/ieee8021MstpCistPortAdminPathCost": {
							"expected_value": "0"
						},
						"/ieee8021-mstp/ieee8021MstpCistPortTable/ieee8021MstpCistPortEntry/ieee8021MstpCistPortAdminEdgePort": {
							"expected_value": "false"
						},
						"/ieee8021-mstp/ieee8021MstpCistPortTable/ieee8021MstpCistPortEntry/ieee8021MstpCistPortMacEnabled": {
							"expected_value": "false"
						},
						"/ieee8021-mstp/ieee8021MstpCistPortTable/ieee8021MstpCistPortEntry/ieee8021MstpCistPortRestrictedRole": {
							"expected_value": "false"
						},
						"/ieee8021-mstp/ieee8021MstpCistPortTable/ieee8021MstpCistPortEntry/ieee8021MstpCistPortRestrictedTcn": {
							"expected_value": "false"
						},
						"/ieee8021-mstp/ieee8021MstpCistPortTable/ieee8021MstpCistPortEntry/ieee8021MstpCistPortTopologyChangeAck": {
							"expected_value": "false"
						},
						"/ieee8021-mstp/ieee8021MstpCistPortTable/ieee8021MstpCistPortEntry/ieee8021MstpCistPortHelloTime": {
							"expected_value": "200"
						},
						"/ieee8021-mstp/ieee8021MstpCistPortTable/ieee8021MstpCistPortEntry/ieee8021MstpCistPortOperEdgePort": {
							"expected_value": "false"
						},
						"/ieee8021-mstp/ieee8021MstpCistPortTable/ieee8021MstpCistPortEntry/ieee8021MstpCistPortRole": {
							"expected_value": "0"
						},
						"/ieee8021-mstp/ieee8021MstpCistPortTable/ieee8021MstpCistPortEntry/ieee8021MstpCistPortDisputed": {
							"expected_value": "false"
						},
						"/ieee8021-mstp/ieee8021MstpCistPortTable/ieee8021MstpCistPortEntry/ieee8021MstpCistPortCistPathCost": {
							"expected_value": "0"
						}
					}
				}
			}
		},
		"4": {
			"key": {
				"1": "/ieee8021-mstp/ieee8021MstpCistPortTable/ieee8021MstpCistPortEntry/ieee8021MstpCistPortComponentId",
				"2": "/ieee8021-mstp/ieee8021MstpCistPortTable/ieee8021MstpCistPortEntry/ieee8021MstpCistPortNum"
			},
			"key_values": {
				"1": {
					"value": [
						"1",
						"3"
					],
					"objects": {
						"/ieee8021-mstp/ieee8021MstpCistPortTable/ieee8021MstpCistPortEntry/ieee8021MstpCistPortAdminPathCost": {
							"expected_value": "0"
						},
						"/ieee8021-mstp/ieee8021MstpCistPortTable/ieee8021MstpCistPortEntry/ieee8021MstpCistPortAdminEdgePort": {
							"expected_value": "false"
						},
						"/ieee8021-mstp/ieee8021MstpCistPortTable/ieee8021MstpCistPortEntry/ieee8021MstpCistPortMacEnabled": {
							"expected_value": "false"
						},
						"/ieee8021-mstp/ieee8021MstpCistPortTable/ieee8021MstpCistPortEntry/ieee8021MstpCistPortRestrictedRole": {
							"expected_value": "false"
						},
						"/ieee8021-mstp/ieee8021MstpCistPortTable/ieee8021MstpCistPortEntry/ieee8021MstpCistPortRestrictedTcn": {
							"expected_value": "false"
						},
						"/ieee8021-mstp/ieee8021MstpCistPortTable/ieee8021MstpCistPortEntry/ieee8021MstpCistPortTopologyChangeAck": {
							"expected_value": "false"
						},
						"/ieee8021-mstp/ieee8021MstpCistPortTable/ieee8021MstpCistPortEntry/ieee8021MstpCistPortHelloTime": {
							"expected_value": "200"
						},
						"/ieee8021-mstp/ieee8021MstpCistPortTable/ieee8021MstpCistPortEntry/ieee8021MstpCistPortOperEdgePort": {
							"expected_value": "false"
						},
						"/ieee8021-mstp/ieee8021MstpCistPortTable/ieee8021MstpCistPortEntry/ieee8021MstpCistPortRole": {
							"expected_value": "0"
						},
						"/ieee8021-mstp/ieee8021MstpCistPortTable/ieee8021MstpCistPortEntry/ieee8021MstpCistPortDisputed": {
							"expected_value": "false"
						},
						"/ieee8021-mstp/ieee8021MstpCistPortTable/ieee8021MstpCistPortEntry/ieee8021MstpCistPortCistPathCost": {
							"expected_value": "0"
						}
					}
				}
			}
		},
		"5": {
			"key": {
				"1": "/ieee8021-mstp/ieee8021MstpCistPortTable/ieee8021MstpCistPortEntry/ieee8021MstpCistPortComponentId",
				"2": "/ieee8021-mstp/ieee8021MstpCistPortTable/ieee8021MstpCistPortEntry/ieee8021MstpCistPortNum"
			},
			"key_values": {
				"1": {
					"value": [
						"1",
						"4"
					],
					"objects": {
						"/ieee8021-mstp/ieee8021MstpCistPortTable/ieee8021MstpCistPortEntry/ieee8021MstpCistPortAdminPathCost": {
							"expected_value": "0"
						},
						"/ieee8021-mstp/ieee8021MstpCistPortTable/ieee8021MstpCistPortEntry/ieee8021MstpCistPortAdminEdgePort": {
							"expected_value": "false"
						},
						"/ieee8021-mstp/ieee8021MstpCistPortTable/ieee8021MstpCistPortEntry/ieee8021MstpCistPortMacEnabled": {
							"expected_value": "true"
						},
						"/ieee8021-mstp/ieee8021MstpCistPortTable/ieee8021MstpCistPortEntry/ieee8021MstpCistPortRestrictedRole": {
							"expected_value": "false"
						},
						"/ieee8021-mstp/ieee8021MstpCistPortTable/ieee8021MstpCistPortEntry/ieee8021MstpCistPortRestrictedTcn": {
							"expected_value": "false"
						},
						"/ieee8021-mstp/ieee8021MstpCistPortTable/ieee8021MstpCistPortEntry/ieee8021MstpCistPortTopologyChangeAck": {
							"expected_value": "false"
						},
						"/ieee8021-mstp/ieee8021MstpCistPortTable/ieee8021MstpCistPortEntry/ieee8021MstpCistPortHelloTime": {
							"expected_value": "200"
						},
						"/ieee8021-mstp/ieee8021MstpCistPortTable/ieee8021MstpCistPortEntry/ieee8021MstpCistPortOperEdgePort": {
							"expected_value": "false"
						},
						"/ieee8021-mstp/ieee8021MstpCistPortTable/ieee8021MstpCistPortEntry/ieee8021MstpCistPortRole": {
							"expected_value": "0"
						},
						"/ieee8021-mstp/ieee8021MstpCistPortTable/ieee8021MstpCistPortEntry/ieee8021MstpCistPortDisputed": {
							"expected_value": "false"
						},
						"/ieee8021-mstp/ieee8021MstpCistPortTable/ieee8021MstpCistPortEntry/ieee8021MstpCistPortCistPathCost": {
							"expected_value": "0"
						}
					}
				}
			}
		},
		"6": {
			"key": {
				"1": "/ieee8021-mstp/ieee8021MstpCistPortTable/ieee8021MstpCistPortEntry/ieee8021MstpCistPortComponentId",
				"2": "/ieee8021-mstp/ieee8021MstpCistPortTable/ieee8021MstpCistPortEntry/ieee8021MstpCistPortNum"
			},
			"key_values": {
				"1": {
					"value": [
						"1",
						"5"
					],
					"objects": {
						"/ieee8021-mstp/ieee8021MstpCistPortTable/ieee8021MstpCistPortEntry/ieee8021MstpCistPortAdminPathCost": {
							"expected_value": "0"
						},
						"/ieee8021-mstp/ieee8021MstpCistPortTable/ieee8021MstpCistPortEntry/ieee8021MstpCistPortAdminEdgePort": {
							"expected_value": "false"
						},
						"/ieee8021-mstp/ieee8021MstpCistPortTable/ieee8021MstpCistPortEntry/ieee8021MstpCistPortMacEnabled": {
							"expected_value": "false"
						},
						"/ieee8021-mstp/ieee8021MstpCistPortTable/ieee8021MstpCistPortEntry/ieee8021MstpCistPortRestrictedRole": {
							"expected_value": "false"
						},
						"/ieee8021-mstp/ieee8021MstpCistPortTable/ieee8021MstpCistPortEntry/ieee8021MstpCistPortRestrictedTcn": {
							"expected_value": "false"
						},
						"/ieee8021-mstp/ieee8021MstpCistPortTable/ieee8021MstpCistPortEntry/ieee8021MstpCistPortTopologyChangeAck": {
							"expected_value": "false"
						},
						"/ieee8021-mstp/ieee8021MstpCistPortTable/ieee8021MstpCistPortEntry/ieee8021MstpCistPortHelloTime": {
							"expected_value": "200"
						},
						"/ieee8021-mstp/ieee8021MstpCistPortTable/ieee8021MstpCistPortEntry/ieee8021MstpCistPortOperEdgePort": {
							"expected_value": "false"
						},
						"/ieee8021-mstp/ieee8021MstpCistPortTable/ieee8021MstpCistPortEntry/ieee8021MstpCistPortRole": {
							"expected_value": "0"
						},
						"/ieee8021-mstp/ieee8021MstpCistPortTable/ieee8021MstpCistPortEntry/ieee8021MstpCistPortDisputed": {
							"expected_value": "false"
						},
						"/ieee8021-mstp/ieee8021MstpCistPortTable/ieee8021MstpCistPortEntry/ieee8021MstpCistPortCistPathCost": {
							"expected_value": "0"
						}
					}
				}
			}
		},
		"7": {
			"key": {
				"1": "/ieee8021-mstp/ieee8021MstpPortTable/ieee8021MstpPortEntry/ieee8021MstpPortComponentId",
				"2": "/ieee8021-mstp/ieee8021MstpPortTable/ieee8021MstpPortEntry/ieee8021MstpPortNum",
				"3": "/ieee8021-mstp/ieee8021MstpPortTable/ieee8021MstpPortEntry/ieee8021MstpPortMstId"
			},
			"key_values": {
				"1": {
					"value": [
						"1",
						"1",
						"4094"
					],
					"objects": {
						"/ieee8021-mstp/ieee8021MstpPortTable/ieee8021MstpPortEntry/ieee8021MstpPortState": {
							"expected_value": "4"
						},
						"/ieee8021-mstp/ieee8021MstpPortTable/ieee8021MstpPortEntry/ieee8021MstpPortPriority": {
							"expected_value": "8"
						},
						"/ieee8021-mstp/ieee8021MstpPortTable/ieee8021MstpPortEntry/ieee8021MstpPortPathCost": {
							"expected_value": "20000"
						},
						"/ieee8021-mstp/ieee8021MstpPortTable/ieee8021MstpPortEntry/ieee8021MstpPortDesignatedCost": {
							"expected_value": "0"
						},
						"/ieee8021-mstp/ieee8021MstpPortTable/ieee8021MstpPortEntry/ieee8021MstpPortDesignatedPort": {
							"expected_value": "0.000"
						},
						"/ieee8021-mstp/ieee8021MstpPortTable/ieee8021MstpPortEntry/ieee8021MstpPortDisputed": {
							"expected_value": "false"
						}
					}
				},
				"2": {
					"value": [
						"1",
						"2",
						"4094"
					],
					"objects": {
						"/ieee8021-mstp/ieee8021MstpPortTable/ieee8021MstpPortEntry/ieee8021MstpPortPriority": {
							"expected_value": "8"
						},
						"/ieee8021-mstp/ieee8021MstpPortTable/ieee8021MstpPortEntry/ieee8021MstpPortPathCost": {
							"expected_value": "20000"
						},
						"/ieee8021-mstp/ieee8021MstpPortTable/ieee8021MstpPortEntry/ieee8021MstpPortState": {
							"expected_value": "4"
						},
						"/ieee8021-mstp/ieee8021MstpPortTable/ieee8021MstpPortEntry/ieee8021MstpPortDesignatedCost": {
							"expected_value": "0"
						},
						"/ieee8021-mstp/ieee8021MstpPortTable/ieee8021MstpPortEntry/ieee8021MstpPortDesignatedPort": {
							"expected_value": "0.000"
						},
						"/ieee8021-mstp/ieee8021MstpPortTable/ieee8021MstpPortEntry/ieee8021MstpPortDisputed": {
							"expected_value": "false"
						}
					}
				},
				"3": {
					"value": [
						"1",
						"3",
						"4094"
					],
					"objects": {
						"/ieee8021-mstp/ieee8021MstpPortTable/ieee8021MstpPortEntry/ieee8021MstpPortPriority": {
							"expected_value": "8"
						},
						"/ieee8021-mstp/ieee8021MstpPortTable/ieee8021MstpPortEntry/ieee8021MstpPortPathCost": {
							"expected_value": "200000000"
						},
						"/ieee8021-mstp/ieee8021MstpPortTable/ieee8021MstpPortEntry/ieee8021MstpPortState": {
							"expected_value": "4"
						},
						"/ieee8021-mstp/ieee8021MstpPortTable/ieee8021MstpPortEntry/ieee8021MstpPortDesignatedCost": {
							"expected_value": "0"
						},
						"/ieee8021-mstp/ieee8021MstpPortTable/ieee8021MstpPortEntry/ieee8021MstpPortDesignatedPort": {
							"expected_value": "0.000"
						},
						"/ieee8021-mstp/ieee8021MstpPortTable/ieee8021MstpPortEntry/ieee8021MstpPortDisputed": {
							"expected_value": "false"
						}
					}
				},
				"4": {
					"value": [
						"1",
						"4",
						"4094"
					],
					"objects": {
						"/ieee8021-mstp/ieee8021MstpPortTable/ieee8021MstpPortEntry/ieee8021MstpPortPriority": {
							"expected_value": "8"
						},
						"/ieee8021-mstp/ieee8021MstpPortTable/ieee8021MstpPortEntry/ieee8021MstpPortPathCost": {
							"expected_value": "200000000"
						},
						"/ieee8021-mstp/ieee8021MstpPortTable/ieee8021MstpPortEntry/ieee8021MstpPortState": {
							"expected_value": "4"
						},
						"/ieee8021-mstp/ieee8021MstpPortTable/ieee8021MstpPortEntry/ieee8021MstpPortDesignatedCost": {
							"expected_value": "0"
						},
						"/ieee8021-mstp/ieee8021MstpPortTable/ieee8021MstpPortEntry/ieee8021MstpPortDesignatedPort": {
							"expected_value": "0.000"
						},
						"/ieee8021-mstp/ieee8021MstpPortTable/ieee8021MstpPortEntry/ieee8021MstpPortDisputed": {
							"expected_value": "false"
						}
					}
				},
				"5": {
					"value": [
						"1",
						"5",
						"4094"
					],
					"objects": {
						"/ieee8021-mstp/ieee8021MstpPortTable/ieee8021MstpPortEntry/ieee8021MstpPortPriority": {
							"expected_value": "8"
						},
						"/ieee8021-mstp/ieee8021MstpPortTable/ieee8021MstpPortEntry/ieee8021MstpPortPathCost": {
							"expected_value": "200000000"
						},
						"/ieee8021-mstp/ieee8021MstpPortTable/ieee8021MstpPortEntry/ieee8021MstpPortState": {
							"expected_value": "4"
						},
						"/ieee8021-mstp/ieee8021MstpPortTable/ieee8021MstpPortEntry/ieee8021MstpPortDesignatedCost": {
							"expected_value": "0"
						},
						"/ieee8021-mstp/ieee8021MstpPortTable/ieee8021MstpPortEntry/ieee8021MstpPortDesignatedPort": {
							"expected_value": "0.000"
						},
						"/ieee8021-mstp/ieee8021MstpPortTable/ieee8021MstpPortEntry/ieee8021MstpPortDisputed": {
							"expected_value": "false"
						}
					}
				}
			}
		}
	}
}
