{
	"unique_keys": 
	{
		"1": 
		{
			"key": 
			{
				"1": "/ieee802-dot1q-fqtss/ieee8021FqtssBapTable/ieee8021FqtssBapEntry/ieee8021BridgeBaseComponentId",
				"2": "/ieee802-dot1q-fqtss/ieee8021FqtssBapTable/ieee8021FqtssBapEntry/ieee8021BridgeBasePort"
			},

			"key_values": 
			{
				"1": 
				{
					"value": 
					[
						"1",
						"IE01"
					],

					"objects": 
					{
						"/ieee802-dot1q-fqtss/ieee8021FqtssBapTable/ieee8021FqtssBapEntry/ieee8021FqtssBAPTrafficClass": 
						{
							"expected_value": 
							[
								"0",
								"1",
								"2",
								"3",
								"4",
								"5",
								"6",
								"7"
							]
						},

						"/ieee802-dot1q-fqtss/ieee8021FqtssBapTable/ieee8021FqtssBapEntry/ieee8021FqtssAdminIdleSlopeMs": 
						{
							"expected_value": 
							[
								"0",
								"0",
								"0",
								"0",
								"0",
								"0",
								"0",
								"0"
							]
						},

						"/ieee802-dot1q-fqtss/ieee8021FqtssBapTable/ieee8021FqtssBapEntry/ieee8021FqtssAdminIdleSlopeLs": 
						{
							"expected_value": 
							[
								"0",
								"0",
								"0",
								"0",
								"0",
								"0",
								"0",
								"0"
							]
						},

						"/ieee802-dot1q-fqtss/ieee8021FqtssBapTable/ieee8021FqtssBapEntry/ieee8021FqtssOperIdleSlopeMs": 
						{
							"expected_value": 
							[
								"0",
								"0",
								"0",
								"0",
								"0",
								"0",
								"0",
								"0"
							]
						},

						"/ieee802-dot1q-fqtss/ieee8021FqtssBapTable/ieee8021FqtssBapEntry/ieee8021FqtssOperIdleSlopeLs": 
						{
							"expected_value": 
							[
								"0",
								"0",
								"0",
								"0",
								"0",
								"0",
								"0",
								"0"
							]
						}
					}
				},

				"2": 
				{
					"value": 
					[
						"1",
						"CE01"
					],

					"objects": 
					{
						"/ieee802-dot1q-fqtss/ieee8021FqtssBapTable/ieee8021FqtssBapEntry/ieee8021FqtssBAPTrafficClass": 
						{
							"expected_value": 
							[
								"0",
								"1",
								"2",
								"3",
								"4",
								"5",
								"6",
								"7"
							]
						},

						"/ieee802-dot1q-fqtss/ieee8021FqtssBapTable/ieee8021FqtssBapEntry/ieee8021FqtssAdminIdleSlopeMs": 
						{
							"expected_value": 
							[
								"0",
								"0",
								"0",
								"0",
								"0",
								"0",
								"0",
								"0"
							]
						},

						"/ieee802-dot1q-fqtss/ieee8021FqtssBapTable/ieee8021FqtssBapEntry/ieee8021FqtssAdminIdleSlopeLs": 
						{
							"expected_value": 
							[
								"0",
								"0",
								"0",
								"0",
								"0",
								"0",
								"0",
								"0"
							]
						},

						"/ieee802-dot1q-fqtss/ieee8021FqtssBapTable/ieee8021FqtssBapEntry/ieee8021FqtssOperIdleSlopeMs": 
						{
							"expected_value": 
							[
								"0",
								"0",
								"0",
								"0",
								"0",
								"0",
								"0",
								"0"
							]
						},

						"/ieee802-dot1q-fqtss/ieee8021FqtssBapTable/ieee8021FqtssBapEntry/ieee8021FqtssOperIdleSlopeLs": 
						{
							"expected_value": 
							[
								"0",
								"0",
								"0",
								"0",
								"0",
								"0",
								"0",
								"0"
							]
						}
					}
				},

				"3": 
				{
					"value": 
					[
						"1",
						"CE02"
					],

					"objects": 
					{
						"/ieee802-dot1q-fqtss/ieee8021FqtssBapTable/ieee8021FqtssBapEntry/ieee8021FqtssBAPTrafficClass": 
						{
							"expected_value": 
							[
								"0",
								"1",
								"2",
								"3",
								"4",
								"5",
								"6",
								"7"
							]
						},

						"/ieee802-dot1q-fqtss/ieee8021FqtssBapTable/ieee8021FqtssBapEntry/ieee8021FqtssAdminIdleSlopeMs": 
						{
							"expected_value": 
							[
								"0",
								"0",
								"0",
								"0",
								"0",
								"0",
								"0",
								"0"
							]
						},

						"/ieee802-dot1q-fqtss/ieee8021FqtssBapTable/ieee8021FqtssBapEntry/ieee8021FqtssAdminIdleSlopeLs": 
						{
							"expected_value": 
							[
								"0",
								"0",
								"0",
								"0",
								"0",
								"0",
								"0",
								"0"
							]
						},

						"/ieee802-dot1q-fqtss/ieee8021FqtssBapTable/ieee8021FqtssBapEntry/ieee8021FqtssOperIdleSlopeMs": 
						{
							"expected_value": 
							[
								"0",
								"0",
								"0",
								"0",
								"0",
								"0",
								"0",
								"0"
							]
						},

						"/ieee802-dot1q-fqtss/ieee8021FqtssBapTable/ieee8021FqtssBapEntry/ieee8021FqtssOperIdleSlopeLs": 
						{
							"expected_value": 
							[
								"0",
								"0",
								"0",
								"0",
								"0",
								"0",
								"0",
								"0"
							]
						}
					}
				},

				"4": 
				{
					"value": 
					[
						"1",
						"CE03"
					],

					"objects": 
					{
						"/ieee802-dot1q-fqtss/ieee8021FqtssBapTable/ieee8021FqtssBapEntry/ieee8021FqtssBAPTrafficClass": 
						{
							"expected_value": 
							[
								"0",
								"1",
								"2",
								"3",
								"4",
								"5",
								"6",
								"7"
							]
						},

						"/ieee802-dot1q-fqtss/ieee8021FqtssBapTable/ieee8021FqtssBapEntry/ieee8021FqtssAdminIdleSlopeMs": 
						{
							"expected_value": 
							[
								"0",
								"0",
								"0",
								"0",
								"0",
								"0",
								"0",
								"0"
							]
						},

						"/ieee802-dot1q-fqtss/ieee8021FqtssBapTable/ieee8021FqtssBapEntry/ieee8021FqtssAdminIdleSlopeLs": 
						{
							"expected_value": 
							[
								"0",
								"0",
								"0",
								"0",
								"0",
								"0",
								"0",
								"0"
							]
						},

						"/ieee802-dot1q-fqtss/ieee8021FqtssBapTable/ieee8021FqtssBapEntry/ieee8021FqtssOperIdleSlopeMs": 
						{
							"expected_value": 
							[
								"0",
								"0",
								"0",
								"0",
								"0",
								"0",
								"0",
								"0"
							]
						},

						"/ieee802-dot1q-fqtss/ieee8021FqtssBapTable/ieee8021FqtssBapEntry/ieee8021FqtssOperIdleSlopeLs": 
						{
							"expected_value": 
							[
								"0",
								"0",
								"0",
								"0",
								"0",
								"0",
								"0",
								"0"
							]
						}
					}
				},

				"5": 
				{
					"value": 
					[
						"1",
						"CE04"
					],

					"objects": 
					{
						"/ieee802-dot1q-fqtss/ieee8021FqtssBapTable/ieee8021FqtssBapEntry/ieee8021FqtssBAPTrafficClass": 
						{
							"expected_value": 
							[
								"0",
								"1",
								"2",
								"3",
								"4",
								"5",
								"6",
								"7"
							]
						},

						"/ieee802-dot1q-fqtss/ieee8021FqtssBapTable/ieee8021FqtssBapEntry/ieee8021FqtssAdminIdleSlopeMs": 
						{
							"expected_value": 
							[
								"0",
								"0",
								"0",
								"0",
								"0",
								"0",
								"0",
								"0"
							]
						},

						"/ieee802-dot1q-fqtss/ieee8021FqtssBapTable/ieee8021FqtssBapEntry/ieee8021FqtssAdminIdleSlopeLs": 
						{
							"expected_value": 
							[
								"0",
								"0",
								"0",
								"0",
								"0",
								"0",
								"0",
								"0"
							]
						},

						"/ieee802-dot1q-fqtss/ieee8021FqtssBapTable/ieee8021FqtssBapEntry/ieee8021FqtssOperIdleSlopeMs": 
						{
							"expected_value": 
							[
								"0",
								"0",
								"0",
								"0",
								"0",
								"0",
								"0",
								"0"
							]
						},

						"/ieee802-dot1q-fqtss/ieee8021FqtssBapTable/ieee8021FqtssBapEntry/ieee8021FqtssOperIdleSlopeLs": 
						{
							"expected_value": 
							[
								"0",
								"0",
								"0",
								"0",
								"0",
								"0",
								"0",
								"0"
							]
						}
					}
				}
			}
		},

		"2": 
		{
			"key": 
			{
				"1": "/ieee802-dot1q-fqtss/ieee8021FqtssTxSelectionAlgorithmTable/ieee8021FqtssTxSelectionAlgorithmEntry/ieee8021BridgeBaseComponentId",
				"2": "/ieee802-dot1q-fqtss/ieee8021FqtssTxSelectionAlgorithmTable/ieee8021FqtssTxSelectionAlgorithmEntry/ieee8021BridgeBasePort"
			},

			"key_values": 
			{
				"1": 
				{
					"value": 
					[
						"1",
						"IE01"
					],

					"objects": 
					{
						"/ieee802-dot1q-fqtss/ieee8021FqtssTxSelectionAlgorithmTable/ieee8021FqtssTxSelectionAlgorithmEntry/ieee8021FqtssTrafficClass": 
						{
							"expected_value": 
							[
								"0",
								"1",
								"2",
								"3",
								"4",
								"5",
								"6",
								"7"
							]
						},

						"/ieee802-dot1q-fqtss/ieee8021FqtssTxSelectionAlgorithmTable/ieee8021FqtssTxSelectionAlgorithmEntry/ieee8021FqtssTxSelectionAlgorithmID": 
						{
							"expected_value": 
							[
								"0",
								"0",
								"0",
								"0",
								"0",
								"0",
								"0",
								"0"
							]
						}
					}
				},

				"2": 
				{
					"value": 
					[
						"1",
						"CE01"
					],

					"objects": 
					{
						"/ieee802-dot1q-fqtss/ieee8021FqtssTxSelectionAlgorithmTable/ieee8021FqtssTxSelectionAlgorithmEntry/ieee8021FqtssTrafficClass": 
						{
							"expected_value": 
							[
								"0",
								"1",
								"2",
								"3",
								"4",
								"5",
								"6",
								"7"
							]
						},

						"/ieee802-dot1q-fqtss/ieee8021FqtssTxSelectionAlgorithmTable/ieee8021FqtssTxSelectionAlgorithmEntry/ieee8021FqtssTxSelectionAlgorithmID": 
						{
							"expected_value": 
							[
								"0",
								"0",
								"0",
								"0",
								"0",
								"0",
								"0",
								"0"
							]
						}
					}
				},

				"3": 
				{
					"value": 
					[
						"1",
						"CE02"
					],

					"objects": 
					{
						"/ieee802-dot1q-fqtss/ieee8021FqtssTxSelectionAlgorithmTable/ieee8021FqtssTxSelectionAlgorithmEntry/ieee8021FqtssTrafficClass": 
						{
							"expected_value": 
							[
								"0",
								"1",
								"2",
								"3",
								"4",
								"5",
								"6",
								"7"
							]
						},

						"/ieee802-dot1q-fqtss/ieee8021FqtssTxSelectionAlgorithmTable/ieee8021FqtssTxSelectionAlgorithmEntry/ieee8021FqtssTxSelectionAlgorithmID": 
						{
							"expected_value": 
							[
								"0",
								"0",
								"0",
								"0",
								"0",
								"0",
								"0",
								"0"
							]
						}
					}
				},

				"4": 
				{
					"value": 
					[
						"1",
						"CE03"
					],

					"objects": 
					{
						"/ieee802-dot1q-fqtss/ieee8021FqtssTxSelectionAlgorithmTable/ieee8021FqtssTxSelectionAlgorithmEntry/ieee8021FqtssTrafficClass": 
						{
							"expected_value": 
							[
								"0",
								"1",
								"2",
								"3",
								"4",
								"5",
								"6",
								"7"
							]
						},

						"/ieee802-dot1q-fqtss/ieee8021FqtssTxSelectionAlgorithmTable/ieee8021FqtssTxSelectionAlgorithmEntry/ieee8021FqtssTxSelectionAlgorithmID": 
						{
							"expected_value": 
							[
								"0",
								"0",
								"0",
								"0",
								"0",
								"0",
								"0",
								"0"
							]
						}
					}
				},

				"5": 
				{
					"value": 
					[
						"1",
						"CE04"
					],

					"objects": 
					{
						"/ieee802-dot1q-fqtss/ieee8021FqtssTxSelectionAlgorithmTable/ieee8021FqtssTxSelectionAlgorithmEntry/ieee8021FqtssTrafficClass": 
						{
							"expected_value": 
							[
								"0",
								"1",
								"2",
								"3",
								"4",
								"5",
								"6",
								"7"
							]
						},

						"/ieee802-dot1q-fqtss/ieee8021FqtssTxSelectionAlgorithmTable/ieee8021FqtssTxSelectionAlgorithmEntry/ieee8021FqtssTxSelectionAlgorithmID": 
						{
							"expected_value": 
							[
								"0",
								"0",
								"0",
								"0",
								"0",
								"0",
								"0",
								"0"
							]
						}
					}
				}
			}
		}
	}
}