{
	"/lldp/message-fast-tx": {
		"expected_value": "1"
	},
	"/lldp/message-tx-hold-multiplier": {
		"expected_value": "4"
	},
	"/lldp/message-tx-interval": {
		"expected_value": "30"
	},
	"/lldp/reinit-delay": {
		"expected_value": "2"
	},
	"/lldp/tx-credit-max": {
		"expected_value": "5"
	},
	"/lldp/tx-fast-init": {
		"expected_value": "4"
	},
	"/lldp/notification-interval": {
		"expected_value": "30"
	},
	"/lldp/local-system-data/chassis-id-subtype": {
		"expected_value": "mac-address"
	},
	"/lldp/local-system-data/system-capabilities-supported": {
		"expected_value": "bridge wlan-access-point router station-only"
	},
	"/lldp/local-system-data/system-capabilities-enabled": {
		"expected_value": "bridge"
	},
	"unique_keys": {
		"1": {
			"key": {
				"1": "/lldp/port/name"
			},
			"key_values": {
				"1": {
					"value": [
						"sw0p2"
					],
					"objects": {
						"/lldp/port/port-id-subtype": {
							"expected_value": "mac-address"
						},
						"/lldp/port/port-desc": {
							"expected_value": "sw0p2"
						},
						"/lldp/port/remote-systems-data/chassis-id-subtype": {
							"expected_value": "mac-address"
						},
						"/lldp/port/remote-systems-data/chassis-id": {
							"expected_value": "00:80:82:87:d2:de"
						},
						"/lldp/port/remote-systems-data/port-id-subtype": {
							"expected_value": "mac-address"
						},
						"/lldp/port/remote-systems-data/port-id": {
							"expected_value": "00:80:82:87:d2:df"
						},
						"/lldp/port/remote-systems-data/port-desc": {
							"expected_value": "sw0p3"
						},
						"/lldp/port/remote-systems-data/system-capabilities-supported": {
							"expected_value": "bridge wlan-access-point router station-only"
						},
						"/lldp/port/remote-systems-data/system-capabilities-enabled": {
							"expected_value": "bridge"
						}
					}
				},
				"2": {
					"value": [
						"sw0p3"
					],
					"objects": {
						"/lldp/port/port-id-subtype": {
							"expected_value": "mac-address"
						},
						"/lldp/port/port-desc": {
							"expected_value": "sw0p3"
						}
					}
				},
				"3": {
					"value": [
						"sw0p4"
					],
					"objects": {
						"/lldp/port/port-id-subtype": {
							"expected_value": "mac-address"
						},
						"/lldp/port/port-desc": {
							"expected_value": "sw0p4"
						}
					}
				},
				"4": {
					"value": [
						"sw0p5"
					],
					"objects": {
						"/lldp/port/port-id-subtype": {
							"expected_value": "mac-address"
						},
						"/lldp/port/port-desc": {
							"expected_value": "sw0p5"
						}
					}
				}
			}
		},
		"2": {
			"key": {
				"1": "/lldp/port/name",
				"2": "/lldp/port/remote-systems-data/management-address/address-subtype"
			},
			"key_values": {
				"1": {
					"value": [
						"sw0p2",
						"rt:ipv4"
					],
					"objects": {
						"/lldp/port/remote-systems-data/management-address/address": {
							"expected_value": "192.168.7.13"
						}
					}
				},
				"2": {
					"value": [
						"sw0p2",
						"rt:ipv6"
					],
					"objects": {
						"/lldp/port/remote-systems-data/management-address/address": {
							"expected_value": "fe80::280:82ff:fe87:d2dd"
						}
					}
				}
			}
		},
		"3": {
			"key": {
				"1": "/lldp/port/name",
				"2": "/lldp/port/management-address-tx-port/address-subtype"
			},
			"key_values": {
				"1": {
					"value": [
						"sw0p2",
						"rt:ipv6"
					],
					"objects": {
						"/lldp/port/management-address-tx-port/man-address": {
							"expected_value": "fe80::280:82ff:fe85:8d45"
						}
					}
				},
				"2": {
					"value": [
						"sw0p3",
						"rt:ipv6"
					],
					"objects": {
						"/lldp/port/management-address-tx-port/man-address": {
							"expected_value": "fe80::280:82ff:fe85:8d45"
						}
					}
				},
				"3": {
					"value": [
						"sw0p4",
						"rt:ipv6"
					],
					"objects": {
						"/lldp/port/management-address-tx-port/man-address": {
							"expected_value": "fe80::280:82ff:fe85:8d45"
						}
					}
				},
				"4": {
					"value": [
						"sw0p5",
						"rt:ipv6"
					],
					"objects": {
						"/lldp/port/management-address-tx-port/man-address": {
							"expected_value": "fe80::280:82ff:fe85:8d45"
						}
					}
				}
			}
		}
	}
}
