{
    "ieee8021BridgeBaseNumPorts.1": {
        "expected_value": "5"
    },
    "ieee8021BridgeBaseComponentType.1": {
        "expected_value": "3"
    },
    "ieee8021BridgeBaseTrafficClassesEnabled.1": {
        "expected_value": "1"
    },
    "ieee8021BridgeBasePortType.1.2": {
        "expected_value": "2"
    },
    "ieee8021BridgeBasePortType.1.3": {
        "expected_value": "2"
    },
    "ieee8021BridgeBasePortType.1.4": {
        "expected_value": "2"
    },
    "ieee8021BridgeBasePortType.1.5": {
        "expected_value": "2"
    },
    "ieee8021BridgeBasePortName.1.2": {
        "expected_value": "sw0p1"
    },
    "ieee8021BridgeBasePortName.1.3": {
        "expected_value": "sw0p2"
    },
    "ieee8021BridgeBasePortName.1.4": {
        "expected_value": "sw0p3"
    },
    "ieee8021BridgeBasePortName.1.5": {
        "expected_value": "sw0p4"
    },
    "ieee8021BridgeBasePortName.1.6": {
        "expected_value": "sw0p5"
    },
    "ieee8021BridgePortNumTrafficClasses.1.2": {
        "expected_value": "8"
    },
    "ieee8021BridgePortNumTrafficClasses.1.3": {
        "expected_value": "8"
    },
    "ieee8021BridgePortNumTrafficClasses.1.4": {
        "expected_value": "8"
    },
    "ieee8021BridgePortNumTrafficClasses.1.5": {
        "expected_value": "8"
    },
    "ieee8021BridgePortNumTrafficClasses.1.6": {
        "expected_value": "8"
    },
    "ieee8021BridgeTrafficClass.1.2.0": {
        "expected_value": "0"
    },
    "ieee8021BridgeTrafficClass.1.2.1": {
        "expected_value": "1"
    },
    "ieee8021BridgeTrafficClass.1.2.2": {
        "expected_value": "2"
    },
    "ieee8021BridgeTrafficClass.1.2.3": {
        "expected_value": "3"
    },
    "ieee8021BridgeTrafficClass.1.2.4": {
        "expected_value": "4"
    },
    "ieee8021BridgeTrafficClass.1.2.5": {
        "expected_value": "5"
    },
    "ieee8021BridgeTrafficClass.1.2.6": {
        "expected_value": "6"
    },
    "ieee8021BridgeTrafficClass.1.2.7": {
        "expected_value": "7"
    },
    "ieee8021BridgeTrafficClass.1.3.0": {
        "expected_value": "0"
    },
    "ieee8021BridgeTrafficClass.1.3.1": {
        "expected_value": "1"
    },
    "ieee8021BridgeTrafficClass.1.3.2": {
        "expected_value": "2"
    },
    "ieee8021BridgeTrafficClass.1.3.3": {
        "expected_value": "3"
    },
    "ieee8021BridgeTrafficClass.1.3.4": {
        "expected_value": "4"
    },
    "ieee8021BridgeTrafficClass.1.3.5": {
        "expected_value": "5"
    },
    "ieee8021BridgeTrafficClass.1.3.6": {
        "expected_value": "6"
    },
    "ieee8021BridgeTrafficClass.1.3.7": {
        "expected_value": "7"
    },
    "ieee8021BridgeTrafficClass.1.4.0": {
        "expected_value": "0"
    },
    "ieee8021BridgeTrafficClass.1.4.1": {
        "expected_value": "1"
    },
    "ieee8021BridgeTrafficClass.1.4.2": {
        "expected_value": "2"
    },
    "ieee8021BridgeTrafficClass.1.4.3": {
        "expected_value": "3"
    },
    "ieee8021BridgeTrafficClass.1.4.4": {
        "expected_value": "4"
    },
    "ieee8021BridgeTrafficClass.1.4.5": {
        "expected_value": "5"
    },
    "ieee8021BridgeTrafficClass.1.4.6": {
        "expected_value": "6"
    },
    "ieee8021BridgeTrafficClass.1.4.7": {
        "expected_value": "7"
    },
    "ieee8021BridgeTrafficClass.1.5.0": {
        "expected_value": "0"
    },
    "ieee8021BridgeTrafficClass.1.5.1": {
        "expected_value": "1"
    },
    "ieee8021BridgeTrafficClass.1.5.2": {
        "expected_value": "2"
    },
    "ieee8021BridgeTrafficClass.1.5.3": {
        "expected_value": "3"
    },
    "ieee8021BridgeTrafficClass.1.5.4": {
        "expected_value": "4"
    },
    "ieee8021BridgeTrafficClass.1.5.5": {
        "expected_value": "5"
    },
    "ieee8021BridgeTrafficClass.1.5.6": {
        "expected_value": "6"
    },
    "ieee8021BridgeTrafficClass.1.5.7": {
        "expected_value": "7"
    }
}
